[istanbul-react.vercel.app/index.html]
[istanbul-react.vercel.app/css/bootstrap.min.css]
[istanbul-react.vercel.app/css/jquery.animatedheadline.css]
[istanbul-react.vercel.app/css/font-awesome.min.css]
[istanbul-react.vercel.app/public/css/plugins.css]
[istanbul-react.vercel.app/css/style.css]
[istanbul-react.vercel.app/css/styleswitcher.css]
[backblue.gif]
[fade.gif]
[index.html]
[istanbul-react.vercel.app/css/skins/yellow.css]
[istanbul-react.vercel.app/_next/static/css/d07cee16146ae897.css]
[istanbul-react.vercel.app/_next/static/chunks/polyfills-0d1b80a048d4787e.js]
[istanbul-react.vercel.app/_next/static/chunks/webpack-4480040a77ca9db8.js]
[istanbul-react.vercel.app/_next/static/chunks/framework-4556c45dd113b893.js]
[istanbul-react.vercel.app/_next/static/chunks/main-5ae059702bc551aa.js]
[istanbul-react.vercel.app/_next/static/chunks/pages/_app-a45f3db7fcd1502b.js]
[istanbul-react.vercel.app/_next/static/chunks/539-c9bb756418cdcdce.js]
[istanbul-react.vercel.app/_next/static/chunks/9-3925be9cab6c139e.js]
[istanbul-react.vercel.app/_next/static/chunks/pages/index-bf4fbb7c7a1d984e.js]
[istanbul-react.vercel.app/_next/static/u46fD7PBDVvMdxD2lnQ1i/_buildManifest.js]
[istanbul-react.vercel.app/_next/static/u46fD7PBDVvMdxD2lnQ1i/_ssgManifest.js]
[istanbul-react.vercel.app/img/styleswitcher/blue.png]
[istanbul-react.vercel.app/img/styleswitcher/red.png]
[istanbul-react.vercel.app/img/styleswitcher/goldenrod.png]
[istanbul-react.vercel.app/img/styleswitcher/magenta.png]
[istanbul-react.vercel.app/img/styleswitcher/yellowgreen.png]
[istanbul-react.vercel.app/img/styleswitcher/orange.png]
[istanbul-react.vercel.app/img/styleswitcher/green.png]
[istanbul-react.vercel.app/img/styleswitcher/yellow.png]
[istanbul-react.vercel.app/img/dark-about.jpg]
[istanbul-react.vercel.app/img/4-2.jpg]
[istanbul-react.vercel.app/undefined]
[istanbul-react.vercel.app/img/blog/blog-post-1.jpg]
[istanbul-react.vercel.app/img/blog/blog-post-2.jpg]
[istanbul-react.vercel.app/img/blog/blog-post-3.jpg]
[istanbul-react.vercel.app/img/blog/blog-post-4.jpg]
[istanbul-react.vercel.app/index.html]
[istanbul-react.vercel.app/css/bootstrap.min.css]
[istanbul-react.vercel.app/css/jquery.animatedheadline.css]
[istanbul-react.vercel.app/fonts/fontawesome-webfont3e6e.eot]
[istanbul-react.vercel.app/fonts/fontawesome-webfontd41d.eot]
[istanbul-react.vercel.app/fonts/fontawesome-webfont3e6e.woff2]
[istanbul-react.vercel.app/fonts/fontawesome-webfont3e6e.woff]
[istanbul-react.vercel.app/fonts/fontawesome-webfont3e6e.ttf]
[istanbul-react.vercel.app/css/font-awesome.min.css]
[istanbul-react.vercel.app/public/css/404]
[istanbul-react.vercel.app/fonts/fontawesome-webfont3e6e.svg]
[istanbul-react.vercel.app/img/fullscreendark.jpg]
[istanbul-react.vercel.app/img/fullscreenbgimage.jpg]
[istanbul-react.vercel.app/img/leftimage-bg.jpg]
[istanbul-react.vercel.app/img/blog/banner.jpg]
[istanbul-react.vercel.app/css/style.css]
[istanbul-react.vercel.app/css/styleswitcher.css]
[istanbul-react.vercel.app/css/skins/yellow.css]
[istanbul-react.vercel.app/_next/static/css/d07cee16146ae897.css]
[istanbul-react.vercel.app/404]
[istanbul-react.vercel.app/fonts/fontawesome-webfont3e6e.svg]
